mode: set
github.com/backend-test-cubi-casa/api/v1/repository/hub.repository.go:19.51,21.2 1 0
github.com/backend-test-cubi-casa/api/v1/repository/hub.repository.go:23.80,25.2 1 0
github.com/backend-test-cubi-casa/api/v1/repository/team.repository.go:20.53,22.2 1 1
github.com/backend-test-cubi-casa/api/v1/repository/team.repository.go:24.82,26.2 1 1
github.com/backend-test-cubi-casa/api/v1/repository/team.repository.go:28.107,39.2 3 1
github.com/backend-test-cubi-casa/api/v1/repository/team.repository.go:41.80,44.19 2 1
github.com/backend-test-cubi-casa/api/v1/repository/team.repository.go:44.19,46.3 1 1
github.com/backend-test-cubi-casa/api/v1/repository/team.repository.go:48.2,48.23 1 1
github.com/backend-test-cubi-casa/api/v1/repository/team.repository.go:48.23,50.3 1 1
github.com/backend-test-cubi-casa/api/v1/repository/team.repository.go:52.2,52.21 1 1
github.com/backend-test-cubi-casa/api/v1/repository/user.repository.go:20.53,22.2 1 0
github.com/backend-test-cubi-casa/api/v1/repository/user.repository.go:24.82,26.2 1 0
github.com/backend-test-cubi-casa/api/v1/repository/user.repository.go:28.107,39.2 3 0
github.com/backend-test-cubi-casa/api/v1/repository/user.repository.go:41.80,44.23 2 0
github.com/backend-test-cubi-casa/api/v1/repository/user.repository.go:44.23,46.3 1 0
github.com/backend-test-cubi-casa/api/v1/repository/user.repository.go:48.2,48.24 1 0
github.com/backend-test-cubi-casa/api/v1/repository/user.repository.go:48.24,50.3 1 0
github.com/backend-test-cubi-casa/api/v1/repository/user.repository.go:52.2,52.21 1 0
github.com/backend-test-cubi-casa/api/v1/services/hub.service.go:19.64,23.2 1 0
github.com/backend-test-cubi-casa/api/v1/services/hub.service.go:25.83,35.62 3 0
github.com/backend-test-cubi-casa/api/v1/services/hub.service.go:35.62,37.3 1 0
github.com/backend-test-cubi-casa/api/v1/services/hub.service.go:39.2,39.18 1 0
github.com/backend-test-cubi-casa/api/v1/services/team.service.go:20.67,24.2 1 1
github.com/backend-test-cubi-casa/api/v1/services/team.service.go:26.86,36.62 3 1
github.com/backend-test-cubi-casa/api/v1/services/team.service.go:36.62,38.3 1 1
github.com/backend-test-cubi-casa/api/v1/services/team.service.go:40.2,40.18 1 1
github.com/backend-test-cubi-casa/api/v1/services/team.service.go:43.92,45.16 2 1
github.com/backend-test-cubi-casa/api/v1/services/team.service.go:45.16,47.3 1 1
github.com/backend-test-cubi-casa/api/v1/services/team.service.go:49.2,50.28 2 1
github.com/backend-test-cubi-casa/api/v1/services/team.service.go:50.28,52.3 1 1
github.com/backend-test-cubi-casa/api/v1/services/team.service.go:54.2,54.20 1 1
github.com/backend-test-cubi-casa/api/v1/services/team.service.go:57.75,72.2 3 1
github.com/backend-test-cubi-casa/api/v1/services/user.service.go:20.67,24.2 1 0
github.com/backend-test-cubi-casa/api/v1/services/user.service.go:26.86,38.62 3 0
github.com/backend-test-cubi-casa/api/v1/services/user.service.go:38.62,40.3 1 0
github.com/backend-test-cubi-casa/api/v1/services/user.service.go:42.2,42.18 1 0
github.com/backend-test-cubi-casa/api/v1/services/user.service.go:45.92,47.16 2 0
github.com/backend-test-cubi-casa/api/v1/services/user.service.go:47.16,49.3 1 0
github.com/backend-test-cubi-casa/api/v1/services/user.service.go:51.2,52.28 2 0
github.com/backend-test-cubi-casa/api/v1/services/user.service.go:52.28,54.3 1 0
github.com/backend-test-cubi-casa/api/v1/services/user.service.go:56.2,56.20 1 0
github.com/backend-test-cubi-casa/api/v1/services/user.service.go:59.75,82.2 4 0
